// Jest Snapshot v1, https://goo.gl/fbAQLP

exports[`TableList test TableList with snapshot 1`] = `
Array [
  <div>
    <div
      className="MuiBox-root MuiBox-root-6"
    >
      TABLE
    </div>
    <div
      className="MuiPaper-root MuiCard-root makeStyles-root-7 MuiPaper-elevation1 MuiPaper-rounded"
    >
      <button
        className="MuiButtonBase-root MuiCardActionArea-root"
        disabled={false}
        onBlur={[Function]}
        onDragLeave={[Function]}
        onFocus={[Function]}
        onKeyDown={[Function]}
        onKeyUp={[Function]}
        onMouseDown={[Function]}
        onMouseLeave={[Function]}
        onMouseUp={[Function]}
        onTouchEnd={[Function]}
        onTouchMove={[Function]}
        onTouchStart={[Function]}
        tabIndex={0}
        type="button"
      >
        <div
          className="MuiCardContent-root"
        >
          <h2
            className="MuiTypography-root MuiTypography-h5 MuiTypography-gutterBottom"
            onClick={[Function]}
          >
            <div
              className="MuiBox-root MuiBox-root-9"
            >
              Table1
            </div>
          </h2>
        </div>
        <span
          className="MuiCardActionArea-focusHighlight"
        />
      </button>
      <hr
        className="MuiDivider-root makeStyles-divider-8"
      />
      <p
        className="MuiTypography-root MuiTypography-body2 MuiTypography-colorTextSecondary"
      >
        Total Item : 
        0
          | Total Cost : 
        0
      </p>
    </div>
    <div
      className="MuiPaper-root MuiCard-root makeStyles-root-7 MuiPaper-elevation1 MuiPaper-rounded"
    >
      <button
        className="MuiButtonBase-root MuiCardActionArea-root"
        disabled={false}
        onBlur={[Function]}
        onDragLeave={[Function]}
        onFocus={[Function]}
        onKeyDown={[Function]}
        onKeyUp={[Function]}
        onMouseDown={[Function]}
        onMouseLeave={[Function]}
        onMouseUp={[Function]}
        onTouchEnd={[Function]}
        onTouchMove={[Function]}
        onTouchStart={[Function]}
        tabIndex={0}
        type="button"
      >
        <div
          className="MuiCardContent-root"
        >
          <h2
            className="MuiTypography-root MuiTypography-h5 MuiTypography-gutterBottom"
            onClick={[Function]}
          >
            <div
              className="MuiBox-root MuiBox-root-10"
            >
              Table2
            </div>
          </h2>
        </div>
        <span
          className="MuiCardActionArea-focusHighlight"
        />
      </button>
      <hr
        className="MuiDivider-root makeStyles-divider-8"
      />
      <p
        className="MuiTypography-root MuiTypography-body2 MuiTypography-colorTextSecondary"
      >
        Total Item : 
        0
          | Total Cost : 
        0
      </p>
    </div>
  </div>,
  " ",
]
`;
